<html>
<body>
<pre>
<h1>礦ision Build Log</h1>
<h2>Tool Versions:</h2>
IDE-Version: μVision V5.25.3.0
Copyright (C) 2018 ARM Ltd and ARM Germany GmbH. All rights reserved.
License Information: 1 Microsoft, Microsoft, LIC=S5ITG-V5G2Q-BXVUY-I5T0J-4HUEL-MI8C5
 
Tool Versions:
Toolchain:       MDK-ARM Professional  Version: 5.25.2.0
Toolchain Path:  D:\Keil_v5\ARM\ARMCC\Bin
C Compiler:      Armcc.exe V5.06 update 6 (build 750)
Assembler:       Armasm.exe V5.06 update 6 (build 750)
Linker/Locator:  ArmLink.exe V5.06 update 6 (build 750)
Library Manager: ArmAr.exe V5.06 update 6 (build 750)
Hex Converter:   FromElf.exe V5.06 update 6 (build 750)
CPU DLL:         SARMCM3.DLL V5.25.2.0
Dialog DLL:      DCM.DLL V1.17.1.0
Target DLL:      Segger\JL2CM3.dll V2.99.29.0
Dialog DLL:      TCM.DLL V1.35.1.0
 
<h2>Project:</h2>
F:\5530REBOOT\Project\JK_BTSET.uvproj
Project File Date:  06/29/2019

<h2>Output:</h2>
*** Using Compiler 'V5.06 update 6 (build 750)', folder: 'D:\Keil_v5\ARM\ARMCC\Bin'
Build target 'JK_BTSET'
compiling misc.c...
..\User\stm32f4xx.h(89): warning:  #47-D: incompatible redefinition of macro "STM32F40_41xxx" 
    #define STM32F40_41xxx
..\Libraries\FWlib\src\misc.c: 1 warning, 0 errors
compiling stm32f4xx_adc.c...
..\User\stm32f4xx.h(89): warning:  #47-D: incompatible redefinition of macro "STM32F40_41xxx" 
    #define STM32F40_41xxx
..\Libraries\FWlib\src\stm32f4xx_adc.c: 1 warning, 0 errors
compiling stm32f4xx_can.c...
..\User\stm32f4xx.h(89): warning:  #47-D: incompatible redefinition of macro "STM32F40_41xxx" 
    #define STM32F40_41xxx
..\Libraries\FWlib\src\stm32f4xx_can.c: 1 warning, 0 errors
compiling stm32f4xx_crc.c...
..\User\stm32f4xx.h(89): warning:  #47-D: incompatible redefinition of macro "STM32F40_41xxx" 
    #define STM32F40_41xxx
..\Libraries\FWlib\src\stm32f4xx_crc.c: 1 warning, 0 errors
compiling stm32f4xx_cryp.c...
..\User\stm32f4xx.h(89): warning:  #47-D: incompatible redefinition of macro "STM32F40_41xxx" 
    #define STM32F40_41xxx
..\Libraries\FWlib\src\stm32f4xx_cryp.c: 1 warning, 0 errors
compiling stm32f4xx_cryp_aes.c...
..\User\stm32f4xx.h(89): warning:  #47-D: incompatible redefinition of macro "STM32F40_41xxx" 
    #define STM32F40_41xxx
..\Libraries\FWlib\src\stm32f4xx_cryp_aes.c: 1 warning, 0 errors
compiling stm32f4xx_cryp_des.c...
..\User\stm32f4xx.h(89): warning:  #47-D: incompatible redefinition of macro "STM32F40_41xxx" 
    #define STM32F40_41xxx
..\Libraries\FWlib\src\stm32f4xx_cryp_des.c: 1 warning, 0 errors
compiling stm32f4xx_cryp_tdes.c...
..\User\stm32f4xx.h(89): warning:  #47-D: incompatible redefinition of macro "STM32F40_41xxx" 
    #define STM32F40_41xxx
..\Libraries\FWlib\src\stm32f4xx_cryp_tdes.c: 1 warning, 0 errors
compiling stm32f4xx_dac.c...
..\User\stm32f4xx.h(89): warning:  #47-D: incompatible redefinition of macro "STM32F40_41xxx" 
    #define STM32F40_41xxx
..\Libraries\FWlib\src\stm32f4xx_dac.c: 1 warning, 0 errors
compiling stm32f4xx_dbgmcu.c...
..\User\stm32f4xx.h(89): warning:  #47-D: incompatible redefinition of macro "STM32F40_41xxx" 
    #define STM32F40_41xxx
..\Libraries\FWlib\src\stm32f4xx_dbgmcu.c: 1 warning, 0 errors
compiling stm32f4xx_dcmi.c...
..\User\stm32f4xx.h(89): warning:  #47-D: incompatible redefinition of macro "STM32F40_41xxx" 
    #define STM32F40_41xxx
..\Libraries\FWlib\src\stm32f4xx_dcmi.c: 1 warning, 0 errors
compiling stm32f4xx_dma.c...
..\User\stm32f4xx.h(89): warning:  #47-D: incompatible redefinition of macro "STM32F40_41xxx" 
    #define STM32F40_41xxx
..\Libraries\FWlib\src\stm32f4xx_dma.c: 1 warning, 0 errors
compiling stm32f4xx_dma2d.c...
..\User\stm32f4xx.h(89): warning:  #47-D: incompatible redefinition of macro "STM32F40_41xxx" 
    #define STM32F40_41xxx
..\Libraries\FWlib\src\stm32f4xx_dma2d.c: 1 warning, 0 errors
compiling stm32f4xx_exti.c...
..\User\stm32f4xx.h(89): warning:  #47-D: incompatible redefinition of macro "STM32F40_41xxx" 
    #define STM32F40_41xxx
..\Libraries\FWlib\src\stm32f4xx_exti.c: 1 warning, 0 errors
compiling stm32f4xx_flash.c...
..\User\stm32f4xx.h(89): warning:  #47-D: incompatible redefinition of macro "STM32F40_41xxx" 
    #define STM32F40_41xxx
..\Libraries\FWlib\src\stm32f4xx_flash.c: 1 warning, 0 errors
compiling stm32f4xx_flash_ramfunc.c...
..\User\stm32f4xx.h(89): warning:  #47-D: incompatible redefinition of macro "STM32F40_41xxx" 
    #define STM32F40_41xxx
..\Libraries\FWlib\src\stm32f4xx_flash_ramfunc.c: 1 warning, 0 errors
compiling stm32f4xx_fsmc.c...
..\User\stm32f4xx.h(89): warning:  #47-D: incompatible redefinition of macro "STM32F40_41xxx" 
    #define STM32F40_41xxx
..\Libraries\FWlib\src\stm32f4xx_fsmc.c: 1 warning, 0 errors
compiling stm32f4xx_gpio.c...
..\User\stm32f4xx.h(89): warning:  #47-D: incompatible redefinition of macro "STM32F40_41xxx" 
    #define STM32F40_41xxx
..\Libraries\FWlib\src\stm32f4xx_gpio.c: 1 warning, 0 errors
compiling stm32f4xx_hash.c...
..\User\stm32f4xx.h(89): warning:  #47-D: incompatible redefinition of macro "STM32F40_41xxx" 
    #define STM32F40_41xxx
..\Libraries\FWlib\src\stm32f4xx_hash.c: 1 warning, 0 errors
compiling stm32f4xx_hash_md5.c...
..\User\stm32f4xx.h(89): warning:  #47-D: incompatible redefinition of macro "STM32F40_41xxx" 
    #define STM32F40_41xxx
..\Libraries\FWlib\src\stm32f4xx_hash_md5.c: 1 warning, 0 errors
compiling stm32f4xx_hash_sha1.c...
..\User\stm32f4xx.h(89): warning:  #47-D: incompatible redefinition of macro "STM32F40_41xxx" 
    #define STM32F40_41xxx
..\Libraries\FWlib\src\stm32f4xx_hash_sha1.c: 1 warning, 0 errors
compiling stm32f4xx_i2c.c...
..\User\stm32f4xx.h(89): warning:  #47-D: incompatible redefinition of macro "STM32F40_41xxx" 
    #define STM32F40_41xxx
..\Libraries\FWlib\src\stm32f4xx_i2c.c: 1 warning, 0 errors
compiling stm32f4xx_iwdg.c...
..\User\stm32f4xx.h(89): warning:  #47-D: incompatible redefinition of macro "STM32F40_41xxx" 
    #define STM32F40_41xxx
..\Libraries\FWlib\src\stm32f4xx_iwdg.c: 1 warning, 0 errors
compiling stm32f4xx_ltdc.c...
..\User\stm32f4xx.h(89): warning:  #47-D: incompatible redefinition of macro "STM32F40_41xxx" 
    #define STM32F40_41xxx
..\Libraries\FWlib\src\stm32f4xx_ltdc.c: 1 warning, 0 errors
compiling stm32f4xx_pwr.c...
..\User\stm32f4xx.h(89): warning:  #47-D: incompatible redefinition of macro "STM32F40_41xxx" 
    #define STM32F40_41xxx
..\Libraries\FWlib\src\stm32f4xx_pwr.c: 1 warning, 0 errors
compiling stm32f4xx_rcc.c...
..\User\stm32f4xx.h(89): warning:  #47-D: incompatible redefinition of macro "STM32F40_41xxx" 
    #define STM32F40_41xxx
..\Libraries\FWlib\src\stm32f4xx_rcc.c: 1 warning, 0 errors
compiling stm32f4xx_rng.c...
..\User\stm32f4xx.h(89): warning:  #47-D: incompatible redefinition of macro "STM32F40_41xxx" 
    #define STM32F40_41xxx
..\Libraries\FWlib\src\stm32f4xx_rng.c: 1 warning, 0 errors
compiling stm32f4xx_rtc.c...
..\User\stm32f4xx.h(89): warning:  #47-D: incompatible redefinition of macro "STM32F40_41xxx" 
    #define STM32F40_41xxx
..\Libraries\FWlib\src\stm32f4xx_rtc.c: 1 warning, 0 errors
compiling stm32f4xx_sai.c...
..\User\stm32f4xx.h(89): warning:  #47-D: incompatible redefinition of macro "STM32F40_41xxx" 
    #define STM32F40_41xxx
..\Libraries\FWlib\src\stm32f4xx_sai.c: 1 warning, 0 errors
compiling stm32f4xx_sdio.c...
..\User\stm32f4xx.h(89): warning:  #47-D: incompatible redefinition of macro "STM32F40_41xxx" 
    #define STM32F40_41xxx
..\Libraries\FWlib\src\stm32f4xx_sdio.c: 1 warning, 0 errors
compiling stm32f4xx_spi.c...
..\User\stm32f4xx.h(89): warning:  #47-D: incompatible redefinition of macro "STM32F40_41xxx" 
    #define STM32F40_41xxx
..\Libraries\FWlib\src\stm32f4xx_spi.c: 1 warning, 0 errors
compiling stm32f4xx_syscfg.c...
..\User\stm32f4xx.h(89): warning:  #47-D: incompatible redefinition of macro "STM32F40_41xxx" 
    #define STM32F40_41xxx
..\Libraries\FWlib\src\stm32f4xx_syscfg.c: 1 warning, 0 errors
compiling stm32f4xx_tim.c...
..\User\stm32f4xx.h(89): warning:  #47-D: incompatible redefinition of macro "STM32F40_41xxx" 
    #define STM32F40_41xxx
..\Libraries\FWlib\src\stm32f4xx_tim.c: 1 warning, 0 errors
compiling stm32f4xx_usart.c...
..\User\stm32f4xx.h(89): warning:  #47-D: incompatible redefinition of macro "STM32F40_41xxx" 
    #define STM32F40_41xxx
..\Libraries\FWlib\src\stm32f4xx_usart.c: 1 warning, 0 errors
compiling stm32f4xx_wwdg.c...
..\User\stm32f4xx.h(89): warning:  #47-D: incompatible redefinition of macro "STM32F40_41xxx" 
    #define STM32F40_41xxx
..\Libraries\FWlib\src\stm32f4xx_wwdg.c: 1 warning, 0 errors
compiling main.c...
..\User\STM32F4xx.h(89): warning:  #47-D: incompatible redefinition of macro "STM32F40_41xxx" 
    #define STM32F40_41xxx
..\Include\my_register.h(195): warning:  #1-D: last line of file ends without a newline
  /******************* (C) COPYRIGHT 2015 KUNKIN *****END OF FILE*************************/
..\Include\clock.h(17): warning:  #1-D: last line of file ends without a newline
  #endif
..\Include\tim6.h(16): warning:  #1-D: last line of file ends without a newline
  #endif
..\Include\tim1.h(15): warning:  #1-D: last line of file ends without a newline
  #endif
..\Include\tim2.h(17): warning:  #1-D: last line of file ends without a newline
  #endif
..\Include\adc.h(17): warning:  #1-D: last line of file ends without a newline
  #endif
..\Include\gpio.h(7): warning:  #1-D: last line of file ends without a newline
  #endif /* __gpio_H */
..\Include\my_register.h(195): warning:  #1-D: last line of file ends without a newline
  /******************* (C) COPYRIGHT 2015 KUNKIN *****END OF FILE*************************/
..\Include\usart.h(18): warning:  #1-D: last line of file ends without a newline
  #endif
..\Include\my_register.h(195): warning:  #1-D: last line of file ends without a newline
  /******************* (C) COPYRIGHT 2015 KUNKIN *****END OF FILE*************************/
..\Include\iwdg.h(17): warning:  #1-D: last line of file ends without a newline
  #endif
..\Include\my_register.h(195): warning:  #1-D: last line of file ends without a newline
  /******************* (C) COPYRIGHT 2015 KUNKIN *****END OF FILE*************************/
..\Include\my_register.h(195): warning:  #1-D: last line of file ends without a newline
  /******************* (C) COPYRIGHT 2015 KUNKIN *****END OF FILE*************************/
..\Include\flash.h(37): warning:  #1-D: last line of file ends without a newline
  /******************* (C) COPYRIGHT 2015 AVER *****END OF FILE***************************/
..\Include\my_register.h(195): warning:  #1-D: last line of file ends without a newline
  /******************* (C) COPYRIGHT 2015 KUNKIN *****END OF FILE*************************/
..\User\main.c: 16 warnings, 0 errors
compiling stm32f4xx_it.c...
..\User\stm32f4xx.h(89): warning:  #47-D: incompatible redefinition of macro "STM32F40_41xxx" 
    #define STM32F40_41xxx
..\Include\my_register.h(195): warning:  #1-D: last line of file ends without a newline
  /******************* (C) COPYRIGHT 2015 KUNKIN *****END OF FILE*************************/
..\User\stm32f4xx_it.c: 2 warnings, 0 errors
compiling flash_if.c...
..\User\stm32f4xx.h(89): warning:  #47-D: incompatible redefinition of macro "STM32F40_41xxx" 
    #define STM32F40_41xxx
..\User\flash_if.c: 1 warning, 0 errors
compiling adc.c...
..\Include\adc.h(17): warning:  #1-D: last line of file ends without a newline
  #endif
..\User\STM32F4xx.h(89): warning:  #47-D: incompatible redefinition of macro "STM32F40_41xxx" 
    #define STM32F40_41xxx
..\Include\my_register.h(195): warning:  #1-D: last line of file ends without a newline
  /******************* (C) COPYRIGHT 2015 KUNKIN *****END OF FILE*************************/
..\drive\adc.c(304): warning:  #1-D: last line of file ends without a newline
  }
..\drive\adc.c: 4 warnings, 0 errors
compiling AT24C01.c...
..\User\STM32F4xx.h(89): warning:  #47-D: incompatible redefinition of macro "STM32F40_41xxx" 
    #define STM32F40_41xxx
..\Include\my_register.h(195): warning:  #1-D: last line of file ends without a newline
  /******************* (C) COPYRIGHT 2015 KUNKIN *****END OF FILE*************************/
..\Include\my_register.h(195): warning:  #1-D: last line of file ends without a newline
  /******************* (C) COPYRIGHT 2015 KUNKIN *****END OF FILE*************************/
..\Include\my_register.h(195): warning:  #1-D: last line of file ends without a newline
  /******************* (C) COPYRIGHT 2015 KUNKIN *****END OF FILE*************************/
..\drive\AT24C01.c(345): warning:  #177-D: function "ee_Delay"  was declared but never referenced
  static void ee_Delay( vu32 nCount)     //简单的延时函数
..\drive\AT24C01.c: 5 warnings, 0 errors
compiling BEEP.c...
..\User\STM32F4xx.h(89): warning:  #47-D: incompatible redefinition of macro "STM32F40_41xxx" 
    #define STM32F40_41xxx
..\Include\my_register.h(195): warning:  #1-D: last line of file ends without a newline
  /******************* (C) COPYRIGHT 2015 KUNKIN *****END OF FILE*************************/
..\drive\BEEP.c(60): warning:  #1-D: last line of file ends without a newline
  }
..\drive\BEEP.c: 3 warnings, 0 errors
compiling bsp_SysTick.c...
..\User\STM32F4xx.h(89): warning:  #47-D: incompatible redefinition of macro "STM32F40_41xxx" 
    #define STM32F40_41xxx
..\Include\my_register.h(195): warning:  #1-D: last line of file ends without a newline
  /******************* (C) COPYRIGHT 2015 KUNKIN *****END OF FILE*************************/
..\Include\my_register.h(195): warning:  #1-D: last line of file ends without a newline
  /******************* (C) COPYRIGHT 2015 KUNKIN *****END OF FILE*************************/
..\drive\bsp_SysTick.c: 3 warnings, 0 errors
compiling DAC.c...
..\User\stm32f4xx.h(89): warning:  #47-D: incompatible redefinition of macro "STM32F40_41xxx" 
    #define STM32F40_41xxx
..\drive\DAC.c: 1 warning, 0 errors
compiling flash.c...
..\User\STM32F4xx.h(89): warning:  #47-D: incompatible redefinition of macro "STM32F40_41xxx" 
    #define STM32F40_41xxx
..\Include\my_register.h(195): warning:  #1-D: last line of file ends without a newline
  /******************* (C) COPYRIGHT 2015 KUNKIN *****END OF FILE*************************/
..\Include\my_register.h(195): warning:  #1-D: last line of file ends without a newline
  /******************* (C) COPYRIGHT 2015 KUNKIN *****END OF FILE*************************/
..\drive\flash.c(333): warning:  #1-D: last line of file ends without a newline
  /******************* (C) COPYRIGHT 2015 AVER *****END OF FILE*************************/
..\drive\flash.c: 4 warnings, 0 errors
compiling GPIO.c...
..\Include\gpio.h(7): warning:  #1-D: last line of file ends without a newline
  #endif /* __gpio_H */
..\User\STM32F4xx.h(89): warning:  #47-D: incompatible redefinition of macro "STM32F40_41xxx" 
    #define STM32F40_41xxx
..\Include\my_register.h(195): warning:  #1-D: last line of file ends without a newline
  /******************* (C) COPYRIGHT 2015 KUNKIN *****END OF FILE*************************/
..\drive\GPIO.c(65): warning:  #1-D: last line of file ends without a newline
  }
..\drive\GPIO.c: 4 warnings, 0 errors
compiling IIC_24C01.c...
..\User\STM32F4xx.h(89): warning:  #47-D: incompatible redefinition of macro "STM32F40_41xxx" 
    #define STM32F40_41xxx
..\Include\my_register.h(195): warning:  #1-D: last line of file ends without a newline
  /******************* (C) COPYRIGHT 2015 KUNKIN *****END OF FILE*************************/
..\Include\my_register.h(195): warning:  #1-D: last line of file ends without a newline
  /******************* (C) COPYRIGHT 2015 KUNKIN *****END OF FILE*************************/
..\drive\IIC_24C01.c: 3 warnings, 0 errors
compiling iwdg.c...
..\User\stm32f4xx.h(89): warning:  #47-D: incompatible redefinition of macro "STM32F40_41xxx" 
    #define STM32F40_41xxx
..\drive\iwdg.c: 1 warning, 0 errors
compiling key.c...
..\User\STM32F4xx.h(89): warning:  #47-D: incompatible redefinition of macro "STM32F40_41xxx" 
    #define STM32F40_41xxx
..\Include\my_register.h(195): warning:  #1-D: last line of file ends without a newline
  /******************* (C) COPYRIGHT 2015 KUNKIN *****END OF FILE*************************/
..\Include\beep.h(15): warning:  #1-D: last line of file ends without a newline
  /******************* (C) COPYRIGHT 2015 AVER *****END OF FILE***************************/
..\Include\my_register.h(195): warning:  #1-D: last line of file ends without a newline
  /******************* (C) COPYRIGHT 2015 KUNKIN *****END OF FILE*************************/
..\Include\flash.h(37): warning:  #1-D: last line of file ends without a newline
  /******************* (C) COPYRIGHT 2015 AVER *****END OF FILE***************************/
..\Include\gpio.h(7): warning:  #1-D: last line of file ends without a newline
  #endif /* __gpio_H */
..\Include\my_register.h(195): warning:  #1-D: last line of file ends without a newline
  /******************* (C) COPYRIGHT 2015 KUNKIN *****END OF FILE*************************/
..\Include\key.h(24): warning:  #1-D: last line of file ends without a newline
  /******************* (C) COPYRIGHT 2015 AVER *****END OF FILE***************************/
..\drive\key.c(313): warning:  #223-D: function "TM1650_SET_LED" declared implicitly
                         TM1650_SET_LED(0x68,0x70);
..\drive\key.c(318): warning:  #223-D: function "TM1650_SET_LED" declared implicitly
                  TM1650_SET_LED(0x48,0x71);
..\drive\key.c(261): warning:  #177-D: variable "res"  was declared but never referenced
    FRESULT res;
..\drive\key.c(267): warning:  #550-D: variable "fsize"  was set but never used
        static uint32_t fsize;
..\drive\key.c: 12 warnings, 0 errors
compiling modbus.c...
..\User\STM32F4xx.h(89): warning:  #47-D: incompatible redefinition of macro "STM32F40_41xxx" 
    #define STM32F40_41xxx
..\Include\my_register.h(195): warning:  #1-D: last line of file ends without a newline
  /******************* (C) COPYRIGHT 2015 KUNKIN *****END OF FILE*************************/
..\Include\usart.h(18): warning:  #1-D: last line of file ends without a newline
  #endif
..\Include\modbus.h(17): warning:  #1-D: last line of file ends without a newline
  #endif
..\Include\my_register.h(195): warning:  #1-D: last line of file ends without a newline
  /******************* (C) COPYRIGHT 2015 KUNKIN *****END OF FILE*************************/
..\Include\flash.h(37): warning:  #1-D: last line of file ends without a newline
  /******************* (C) COPYRIGHT 2015 AVER *****END OF FILE***************************/
..\drive\modbus.c(325): warning:  #1-D: last line of file ends without a newline
  }
..\drive\modbus.c: 7 warnings, 0 errors
compiling ssd1963.c...
..\User\stm32f4xx.h(89): warning:  #47-D: incompatible redefinition of macro "STM32F40_41xxx" 
    #define STM32F40_41xxx
..\Include\my_register.h(195): warning:  #1-D: last line of file ends without a newline
  /******************* (C) COPYRIGHT 2015 KUNKIN *****END OF FILE*************************/
..\Include\my_register.h(195): warning:  #1-D: last line of file ends without a newline
  /******************* (C) COPYRIGHT 2015 KUNKIN *****END OF FILE*************************/
..\drive\ssd1963.c(168): warning:  #550-D: variable "FSMC_NORSRAMTimingInitStructure"  was set but never used
        FSMC_NORSRAMTimingInitTypeDef  FSMC_NORSRAMTimingInitStructure;
..\drive\ssd1963.c: 4 warnings, 0 errors
compiling TIM1.c...
..\User\STM32F4xx.h(89): warning:  #47-D: incompatible redefinition of macro "STM32F40_41xxx" 
    #define STM32F40_41xxx
..\Include\my_register.h(195): warning:  #1-D: last line of file ends without a newline
  /******************* (C) COPYRIGHT 2015 KUNKIN *****END OF FILE*************************/
..\drive\TIM1.c(75): warning:  #1-D: last line of file ends without a newline
  }
..\drive\TIM1.c: 3 warnings, 0 errors
compiling TIM2.c...
..\User\STM32F4xx.h(89): warning:  #47-D: incompatible redefinition of macro "STM32F40_41xxx" 
    #define STM32F40_41xxx
..\Include\my_register.h(195): warning:  #1-D: last line of file ends without a newline
  /******************* (C) COPYRIGHT 2015 KUNKIN *****END OF FILE*************************/
..\drive\TIM2.c(103): warning:  #1-D: last line of file ends without a newline
  }
..\drive\TIM2.c: 3 warnings, 0 errors
compiling TIM6.c...
..\User\STM32F4xx.h(89): warning:  #47-D: incompatible redefinition of macro "STM32F40_41xxx" 
    #define STM32F40_41xxx
..\Include\my_register.h(195): warning:  #1-D: last line of file ends without a newline
  /******************* (C) COPYRIGHT 2015 KUNKIN *****END OF FILE*************************/
..\Include\tim6.h(16): warning:  #1-D: last line of file ends without a newline
  #endif
..\drive\TIM6.c(52): warning:  #1-D: last line of file ends without a newline
  }
..\drive\TIM6.c: 4 warnings, 0 errors
compiling usart.c...
..\User\STM32F4xx.h(89): warning:  #47-D: incompatible redefinition of macro "STM32F40_41xxx" 
    #define STM32F40_41xxx
..\Include\my_register.h(195): warning:  #1-D: last line of file ends without a newline
  /******************* (C) COPYRIGHT 2015 KUNKIN *****END OF FILE*************************/
..\drive\usart.c: 2 warnings, 0 errors
compiling TM1650.c...
..\User\STM32F4xx.h(89): warning:  #47-D: incompatible redefinition of macro "STM32F40_41xxx" 
    #define STM32F40_41xxx
..\Include\my_register.h(195): warning:  #1-D: last line of file ends without a newline
  /******************* (C) COPYRIGHT 2015 KUNKIN *****END OF FILE*************************/
..\Include\my_register.h(195): warning:  #1-D: last line of file ends without a newline
  /******************* (C) COPYRIGHT 2015 KUNKIN *****END OF FILE*************************/
..\drive\TM1650.c(242): warning:  #1-D: last line of file ends without a newline
  }
..\drive\TM1650.c: 4 warnings, 0 errors
compiling clock.c...
..\User\STM32F4xx.h(89): warning:  #47-D: incompatible redefinition of macro "STM32F40_41xxx" 
    #define STM32F40_41xxx
..\Include\my_register.h(195): warning:  #1-D: last line of file ends without a newline
  /******************* (C) COPYRIGHT 2015 KUNKIN *****END OF FILE*************************/
..\drive\clock.c: 2 warnings, 0 errors
compiling GUI_X.c...
compiling GUIConf.c...
compiling GUIDRV_Template.c...
..\User\STM32F4xx.h(89): warning:  #47-D: incompatible redefinition of macro "STM32F40_41xxx" 
    #define STM32F40_41xxx
..\Include\my_register.h(195): warning:  #1-D: last line of file ends without a newline
  /******************* (C) COPYRIGHT 2015 KUNKIN *****END OF FILE*************************/
..\STemWinLibrary522\Config\GUIDRV_Template.c(264): warning:  #177-D: variable "xPhys"  was declared but never referenced
    int xPhys, yPhys, lphys; //idx;
..\STemWinLibrary522\Config\GUIDRV_Template.c(264): warning:  #177-D: variable "yPhys"  was declared but never referenced
    int xPhys, yPhys, lphys; //idx;
..\STemWinLibrary522\Config\GUIDRV_Template.c(264): warning:  #177-D: variable "lphys"  was declared but never referenced
    int xPhys, yPhys, lphys; //idx;
..\STemWinLibrary522\Config\GUIDRV_Template.c: 5 warnings, 0 errors
compiling LCDConf_FlexColor_Template.c...
..\User\STM32F4xx.h(89): warning:  #47-D: incompatible redefinition of macro "STM32F40_41xxx" 
    #define STM32F40_41xxx
..\Include\my_register.h(195): warning:  #1-D: last line of file ends without a newline
  /******************* (C) COPYRIGHT 2015 KUNKIN *****END OF FILE*************************/
..\STemWinLibrary522\Config\LCDConf_FlexColor_Template.c: 2 warnings, 0 errors
compiling MainTask.c...
..\Include\adc.h(17): warning:  #1-D: last line of file ends without a newline
  #endif
..\Include\tim2.h(17): warning:  #1-D: last line of file ends without a newline
  #endif
..\User\STM32F4xx.h(89): warning:  #47-D: incompatible redefinition of macro "STM32F40_41xxx" 
    #define STM32F40_41xxx
..\Include\my_register.h(195): warning:  #1-D: last line of file ends without a newline
  /******************* (C) COPYRIGHT 2015 KUNKIN *****END OF FILE*************************/
..\Include\key.h(24): warning:  #1-D: last line of file ends without a newline
  /******************* (C) COPYRIGHT 2015 AVER *****END OF FILE***************************/
..\Include\beep.h(15): warning:  #1-D: last line of file ends without a newline
  /******************* (C) COPYRIGHT 2015 AVER *****END OF FILE***************************/
..\Include\my_register.h(195): warning:  #1-D: last line of file ends without a newline
  /******************* (C) COPYRIGHT 2015 KUNKIN *****END OF FILE*************************/
..\Include\modbus.h(17): warning:  #1-D: last line of file ends without a newline
  #endif
..\Include\my_register.h(195): warning:  #1-D: last line of file ends without a newline
  /******************* (C) COPYRIGHT 2015 KUNKIN *****END OF FILE*************************/
..\Include\my_register.h(195): warning:  #1-D: last line of file ends without a newline
  /******************* (C) COPYRIGHT 2015 KUNKIN *****END OF FILE*************************/
..\STemWinLibrary522\emWinTask\MainTask.c(95): warning:  #223-D: function "JumpBoot" declared implicitly
                        JumpBoot(55);
..\STemWinLibrary522\emWinTask\MainTask.c(47): warning:  #177-D: variable "ucKeyCode"  was declared but never referenced
        unsigned char  ucKeyCode;
..\STemWinLibrary522\emWinTask\MainTask.c: 12 warnings, 0 errors
compiling R_Face.c...
..\User\STM32F4xx.h(89): warning:  #47-D: incompatible redefinition of macro "STM32F40_41xxx" 
    #define STM32F40_41xxx
..\Include\my_register.h(195): warning:  #1-D: last line of file ends without a newline
  /******************* (C) COPYRIGHT 2015 KUNKIN *****END OF FILE*************************/
..\APP\R_Face.c(136): warning:  #223-D: function "TM1650_SET_LED" declared implicitly
              TM1650_SET_LED(0x48,0x71);
..\APP\R_Face.c: 3 warnings, 0 errors
compiling SU30.c...
compiling usb_core.c...
..\User\stm32f4xx.h(89): warning:  #47-D: incompatible redefinition of macro "STM32F40_41xxx" 
    #define STM32F40_41xxx
..\Libraries\STM32_USB_OTG_Driver\src\usb_core.c: 1 warning, 0 errors
compiling usb_hcd.c...
..\User\stm32f4xx.h(89): warning:  #47-D: incompatible redefinition of macro "STM32F40_41xxx" 
    #define STM32F40_41xxx
..\Libraries\STM32_USB_OTG_Driver\src\usb_hcd.c: 1 warning, 0 errors
compiling usb_hcd_int.c...
..\User\stm32f4xx.h(89): warning:  #47-D: incompatible redefinition of macro "STM32F40_41xxx" 
    #define STM32F40_41xxx
..\Libraries\STM32_USB_OTG_Driver\src\usb_hcd_int.c: 1 warning, 0 errors
compiling usbh_core.c...
..\User\stm32f4xx.h(89): warning:  #47-D: incompatible redefinition of macro "STM32F40_41xxx" 
    #define STM32F40_41xxx
..\Libraries\STM32_USB_HOST_Library\Core\src\usbh_core.c: 1 warning, 0 errors
compiling usbh_hcs.c...
..\User\stm32f4xx.h(89): warning:  #47-D: incompatible redefinition of macro "STM32F40_41xxx" 
    #define STM32F40_41xxx
..\Libraries\STM32_USB_HOST_Library\Core\src\usbh_hcs.c: 1 warning, 0 errors
compiling usbh_ioreq.c...
..\User\stm32f4xx.h(89): warning:  #47-D: incompatible redefinition of macro "STM32F40_41xxx" 
    #define STM32F40_41xxx
..\Libraries\STM32_USB_HOST_Library\Core\src\usbh_ioreq.c: 1 warning, 0 errors
compiling usbh_stdreq.c...
..\User\stm32f4xx.h(89): warning:  #47-D: incompatible redefinition of macro "STM32F40_41xxx" 
    #define STM32F40_41xxx
..\Libraries\STM32_USB_HOST_Library\Core\src\usbh_stdreq.c: 1 warning, 0 errors
compiling usbh_msc_bot.c...
..\User\stm32f4xx.h(89): warning:  #47-D: incompatible redefinition of macro "STM32F40_41xxx" 
    #define STM32F40_41xxx
..\Libraries\STM32_USB_HOST_Library\Class\MSC\src\usbh_msc_bot.c: 1 warning, 0 errors
compiling usbh_msc_core.c...
..\User\stm32f4xx.h(89): warning:  #47-D: incompatible redefinition of macro "STM32F40_41xxx" 
    #define STM32F40_41xxx
..\Libraries\STM32_USB_HOST_Library\Class\MSC\src\usbh_msc_core.c: 1 warning, 0 errors
compiling usbh_msc_scsi.c...
..\User\stm32f4xx.h(89): warning:  #47-D: incompatible redefinition of macro "STM32F40_41xxx" 
    #define STM32F40_41xxx
..\Libraries\STM32_USB_HOST_Library\Class\MSC\src\usbh_msc_scsi.c: 1 warning, 0 errors
compiling usb_bsp.c...
..\User\stm32f4xx.h(89): warning:  #47-D: incompatible redefinition of macro "STM32F40_41xxx" 
    #define STM32F40_41xxx
..\Include\my_register.h(195): warning:  #1-D: last line of file ends without a newline
  /******************* (C) COPYRIGHT 2015 KUNKIN *****END OF FILE*************************/
..\Include\my_register.h(195): warning:  #1-D: last line of file ends without a newline
  /******************* (C) COPYRIGHT 2015 KUNKIN *****END OF FILE*************************/
..\User\usbh_mass_storage\usb_bsp.c(210): warning:  #223-D: function "Delay_usS" declared implicitly
        Delay_usS(usec);
..\User\usbh_mass_storage\usb_bsp.c(222): warning:  #223-D: function "Delay_ms" declared implicitly
        Delay_ms(msec);
..\User\usbh_mass_storage\usb_bsp.c: 5 warnings, 0 errors
compiling usbh_it.c...
..\User\stm32f4xx.h(89): warning:  #47-D: incompatible redefinition of macro "STM32F40_41xxx" 
    #define STM32F40_41xxx
..\User\usbh_mass_storage\usbh_it.c: 1 warning, 0 errors
compiling usbh_usr.c...
..\User\stm32f4xx.h(89): warning:  #47-D: incompatible redefinition of macro "STM32F40_41xxx" 
    #define STM32F40_41xxx
..\User\usbh_mass_storage\usbh_usr.c: 1 warning, 0 errors
compiling diskio.c...
..\User\stm32f4xx.h(89): warning:  #47-D: incompatible redefinition of macro "STM32F40_41xxx" 
    #define STM32F40_41xxx
..\User\fatfs\src\diskio.c: 1 warning, 0 errors
compiling ff.c...
linking...
Program Size: Code=84488 RO-data=23852 RW-data=2000 ZI-data=43392  
FromELF: creating hex file...
"..\Output\JK_BTSET.axf" - 0 Error(s), 163 Warning(s).
Build Time Elapsed:  00:00:59
</pre>
</body>
</html>
